// Jest Snapshot v1, https://goo.gl/fbAQLP

exports[`should take a snapshot of Nav 1`] = `
<DocumentFragment>
  <div
    class="sc-AxjAm eaZpM"
  >
    <p
      class="sc-AxirZ hdKPDr"
    >
      P1: 0 W - 0 L
    </p>
    <p
      class="sc-AxirZ hdKPDr"
    >
      P2: 0 W - 0 L
    </p>
    <p
      class="sc-AxirZ hdKPDr"
    >
      Draws: 0
    </p>
  </div>
</DocumentFragment>
`;
