// Jest Snapshot v1, https://goo.gl/fbAQLP

exports[`should take a snapshot 1`] = `
<DocumentFragment>
  <div
    class="sc-AxhCb exkQbL"
  >
    <button
      class="sc-AxjAm dRYkuE"
    />
  </div>
</DocumentFragment>
`;

exports[`should take a snapshot of square 1`] = `
<DocumentFragment>
  <div
    class="sc-AxhCb exkQbL"
  >
    <button
      class="sc-AxjAm dRYkuE"
    />
  </div>
</DocumentFragment>
`;
